  ??????????? ???????? ??? ??????????????...
  ??? ??????? ????????? ??? ??????????????.
  PaymProdNet9 -> c:\My\menu\PaymProd\PaymProdNet9\bin\Debug\net9.0-windows\PaymProdNet9.dll
  PaymProdNet9.Tests -> c:\My\menu\PaymProd\PaymProdNet9.Tests\bin\Debug\net9.0-windows\PaymProdNet9.Tests.dll
???????? ?????? ??? c:\My\menu\PaymProd\PaymProdNet9.Tests\bin\Debug\net9.0-windows\PaymProdNet9.Tests.dll (.NETCoreApp,Version=v9.0)
?????? VSTest 17.14.0 (x64)

?????? ?????????? ??????; ?????????...
????? ?????????? ???????? ?????? (1), ??????????????? ?????????? ???????.
  ?? ??????? PaymProdNet9.Tests.DelicateRepositoryTests.Components_CRUD_ShouldWork [75 ms]
  ????????? ?? ??????:
   Assert.Contains() Failure: Sub-string not found
String:    "Component Prod"
Not found: "Detail"
  ??????????? ?????:
     at PaymProdNet9.Tests.DelicateRepositoryTests.Components_CRUD_ShouldWork() in c:\My\menu\PaymProd\PaymProdNet9.Tests\DelicateRepositoryTests.cs:line 112
   at System.RuntimeMethodHandle.InvokeMethod(Object target, Void** arguments, Signature sig, Boolean isConstructor)
   at System.Reflection.MethodBaseInvoker.InvokeWithNoArgs(Object obj, BindingFlags invokeAttr)

?? ???????!: ?? ????????     1, ????????     0, ?????????     0, ?????     1, ???????????? 75 ms. - PaymProdNet9.Tests.dll (net9.0)

???????? ?????????? ??????? ????????. ??? ????????? ?????????????? ???????? ????????? `dotnet workload list`.
